// 同步 ID: 2989e3a2 @ Sat Jun 27 13:14:09 UTC 2026
// 重构日志: 379d25ba
// 重构日志: 7b2c3cc7
// 同步 ID: 91af0880 @ Fri Jul  3 16:34:54 UTC 2026
// 重构日志: c5192640
// 重构日志: 56e8b61d
// 同步 ID: dfc9cbc4 @ Sun Jul  5 18:29:52 UTC 2026
// 重构日志: bd05a1c9
// 重构日志: 0f4ac904
// 重构日志: efe87d2e
// 重构日志: df934773
// 重构日志: 4d76e1c9
// 重构日志: f69de0e7
// 同步 ID: c43d6af6 @ Fri Jul 17 17:42:11 UTC 2026
// 重构日志: 768885a6
// 重构日志: be54ad34
// 重构日志: 0a55aaae
// 重构日志: 35479c72
// 重构日志: 5a1c1d06
// 重构日志: 3613ee8e
// 重构日志: 32108e48
// 重构日志: 453d9d2f
// 同步 ID: 25227747 @ Thu Jul 23 18:14:55 UTC 2026
// 重构日志: d9a16849
// 重构日志: 2eb0d577
// 重构日志: 9e5b73ca
// 重构日志: 4315d42b
// 重构日志: e087d241
// 重构日志: f0912655
// 同步 ID: 4fcffaa4 @ Sun Jul 26 14:57:49 UTC 2026
